AS09 Assembler for M6809 [1.42].                                     Page    1
--------------------------------- qwerty.asm ---------------------------------

59 lines read, no errors in pass 1.
                             ;************************************************
                             ; define section
                             ;************************************************
f2a5 =                       intensity_5f    equ     $f2a5                   ;
f37a =                       print_str_d     equ     $f37a                   ;
f192 =                       wait_recal      equ     $f192                   ;
fd0d =                       music1          equ     $fd0d                   ;
                                                                             ;
                             ; start of vectrex memory with cartridge name...
0000 =                                       org     0
                             ;************************************************
                             ; header section 
                             ;************************************************
0000 : 67204743452031..                      db      "g GCE 1998", $80       ;
000b : fd0d                                  dw      music1                  ;
000d : f85020aa                              db      $f8, $50, $20, -$56     ;
                                                                             ;
0011 : 51574552545920..                      db      "QWERTY PROG 1",$80; some
                                                                             ;
001f : 00                                    db      0                       ;
                             ;************************************************
                             ; code section
                             ;************************************************
                             ; here the cartridge program starts off
0020 :                       main:
0020 : bdf192           [ 8]                 jsr     wait_recal              ;
0023 : bdf2a5           [ 8]                 jsr     intensity_5f            ;
                                                                             ;
0026 : ce0043           [ 3]                 ldu     #qwerty1_string         ;
0029 : 8612             [ 2]                 lda     #$12                    ;
002b : c680             [ 2]                 ldb     #-$80                   ;
002d : bdf37a           [ 8]                 jsr     print_str_d             ;
                                             ;bra     wait
0030 : ce0057           [ 3]                 ldu     #qwerty2_string         ;
0033 : 8601             [ 2]                 lda     #$1                     ;
0035 : c680             [ 2]                 ldb     #-$80                   ;
0037 : bdf37a           [ 8]                 jsr     print_str_d             ;
                                             ;bra     wait
003a : 20e4             [ 3]                 bra     main                    ;
                             
003c :                       wait:
003c : 8604             [ 2]                 lda     #$04
003e :                       wait1:
003e : 12               [ 2]                 nop
003f : 4a               [ 2]                 deca
0040 : 26fc             [ 3]                 bne     wait1
0042 : 39               [ 5]                 rts
                             
                             ;************************************************
                             ; data section
                             ;************************************************
0043 :                       qwerty1_string:
0043 : 54484520515549..                      db   "THE QUICK BROWN FOX"      ;
0056 : 80                                    db   $80                        ;
0057 :                       qwerty2_string:
0057 : 4a554d5053204f..                      db   "JUMPS OVER THE LAZY DOG"  ;
006e : 80                                    db   $80                        ;
                             ;************************************************
0057 =                                       end  main
                             
No errors in pass 2.
Wrote binary from address $0000 through $006e.
Total size 111 bytes.
Program start address is at $0020 (32).
